
> quantumvault-backend@1.0.0 start:dev
> ts-node src/main.ts

/Users/rickglenn/Desktop/dytallix/QuantumVaultMVP1/backend/node_modules/ts-node/src/index.ts:859
    return new TSError(diagnosticText, diagnosticCodes, diagnostics);
           ^
TSError: ⨯ Unable to compile TypeScript:
src/admin/admin.controller.ts(6,24): error TS2307: Cannot find module '../common/decorators/public.decorator' or its corresponding type declarations.

    at createTSError (/Users/rickglenn/Desktop/dytallix/QuantumVaultMVP1/backend/node_modules/ts-node/src/index.ts:859:12)
    at reportTSError (/Users/rickglenn/Desktop/dytallix/QuantumVaultMVP1/backend/node_modules/ts-node/src/index.ts:863:19)
    at getOutput (/Users/rickglenn/Desktop/dytallix/QuantumVaultMVP1/backend/node_modules/ts-node/src/index.ts:1077:36)
    at Object.compile (/Users/rickglenn/Desktop/dytallix/QuantumVaultMVP1/backend/node_modules/ts-node/src/index.ts:1433:41)
    at Module.m._compile (/Users/rickglenn/Desktop/dytallix/QuantumVaultMVP1/backend/node_modules/ts-node/src/index.ts:1617:30)
    at node:internal/modules/cjs/loader:1871:10
    at Object.require.extensions.<computed> [as .ts] (/Users/rickglenn/Desktop/dytallix/QuantumVaultMVP1/backend/node_modules/ts-node/src/index.ts:1621:12)
    at Module.load (node:internal/modules/cjs/loader:1470:32)
    at Module._load (node:internal/modules/cjs/loader:1290:12)
    at TracingChannel.traceSync (node:diagnostics_channel:322:14)
    at wrapModuleLoad (node:internal/modules/cjs/loader:238:24)
    at Module.require (node:internal/modules/cjs/loader:1493:12)
    at require (node:internal/modules/helpers:152:16)
    at Object.<anonymous> (/Users/rickglenn/Desktop/dytallix/QuantumVaultMVP1/backend/src/admin/admin.module.ts:2:1)
    at Module._compile (node:internal/modules/cjs/loader:1738:14)
    at Module.m._compile (/Users/rickglenn/Desktop/dytallix/QuantumVaultMVP1/backend/node_modules/ts-node/src/index.ts:1618:23) {
  diagnosticCodes: [ 2307 ]
}
