[INFO] 2026-03-01T19:50:37.664Z Using in-memory rate limiter
[INFO] 2026-03-01T19:50:40.206Z Leads database initialized {"path":"/Users/rickglenn/Desktop/dytallix/dytallix-fast-launch/data/leads.db"}
[INFO] 2026-03-01T19:51:12.676Z Prometheus metrics initialized
[INFO] 2026-03-01T19:51:12.680Z Generating Dilithium5 (ML-DSA-87) key pair...
[INFO] 2026-03-01T19:51:12.680Z Aegis database initialized {"path":"/Users/rickglenn/Desktop/dytallix/dytallix-fast-launch/data/leads.db"}
[INFO] 2026-03-01T19:51:16.163Z Aegis throttle table initialized
[INFO] 2026-03-01T19:51:16.164Z Aegis review queue table initialized
[INFO] 2026-03-01T19:51:16.165Z Aegis AI module initialized
[INFO] 2026-03-01T19:53:46.725Z Environment Variables Check {"FRONTEND_PORT":"3000","PWD":"/Users/rickglenn/Desktop/dytallix/dytallix-fast-launch"}
[INFO] 2026-03-01T19:53:46.726Z Anomaly detection engine stubbed (fast-launch mode)
[INFO] 2026-03-01T19:53:46.727Z Security headers enabled {"ENABLE_CSP":true}
[INFO] 2026-03-01T19:53:46.728Z Aegis WebSocket server initialized {"path":"/api/aegis/ws"}
[INFO] 2026-03-01T19:53:46.728Z Aegis WebSocket server initialized
[INFO] 2026-03-01T19:53:46.728Z Generating Dilithium5 (ML-DSA-87) key pair...
[INFO] 2026-03-01T19:53:46.728Z Consul agent started (fast-launch stub)
[INFO] 2026-03-01T19:53:46.728Z Garrison agent started (fast-launch stub)
[INFO] 2026-03-01T19:53:46.728Z Horizon agent started (fast-launch stub)
[INFO] 2026-03-01T19:53:46.729Z Server running on port 3001 {"nodeEnv":"development","demoMode":true}
[INFO] 2026-03-01T19:53:46.739Z Quantum-resistant cryptographic keys initialized {"dilithiumPublicKeyLength":2592,"dilithiumPrivateKeyLength":"[REDACTED]","algorithm":"ML-DSA-87 (Dilithium5)"}
[INFO] 2026-03-01T19:53:46.739Z Quantum-resistant cryptographic keys initialized {"dilithiumPublicKeyLength":2592,"dilithiumPrivateKeyLength":"[REDACTED]","algorithm":"ML-DSA-87 (Dilithium5)"}
