
> build@0.0.0 dev
> vite


  VITE v7.3.1  ready in 426 ms

  ➜  Local:   http://localhost:3000/
  ➜  Network: use --host to expose
2:58:02 PM [vite] (client) hmr update /src/pages/deploy.tsx, /src/index.css
2:58:43 PM [vite] (client) hmr update /src/pages/deploy.tsx, /src/index.css
2:58:45 PM [vite] (client) hmr update /src/pages/deploy.tsx, /src/index.css
2:58:47 PM [vite] (client) hmr update /src/pages/deploy.tsx, /src/index.css
2:58:49 PM [vite] (client) hmr update /src/pages/deploy.tsx, /src/index.css
2:58:51 PM [vite] (client) hmr update /src/pages/deploy.tsx, /src/index.css
2:59:13 PM [vite] (client) hmr update /src/pages/deploy.tsx, /src/index.css
2:59:32 PM [vite] (client) hmr update /src/pages/deploy.tsx, /src/index.css
2:59:59 PM [vite] (client) hmr update /src/pages/home.tsx, /src/index.css
3:00:00 PM [vite] (client) hmr update /src/pages/home.tsx, /src/index.css
3:00:00 PM [vite] (client) hmr update /src/pages/home.tsx, /src/index.css
3:00:24 PM [vite] (client) hmr update /src/pages/AIOracleNetwork.tsx, /src/index.css
3:00:24 PM [vite] (client) hmr update /src/pages/AegisDashboard.tsx, /src/index.css
3:00:24 PM [vite] (client) hmr update /src/pages/AegisReviewQueue.tsx, /src/index.css
3:00:25 PM [vite] (client) hmr update /src/pages/QuantumRiskDashboard.tsx, /src/index.css
3:00:25 PM [vite] (client) hmr update /src/pages/QuantumVaultPricing.tsx, /src/index.css
3:00:25 PM [vite] (client) hmr update /src/pages/SmartContractAuditor.tsx, /src/index.css
3:00:53 PM [vite] (client) hmr update /src/index.css, /src/components/layout/section.tsx
3:01:43 PM [vite] (client) hmr update /src/index.css
3:03:15 PM [vite] (client) hmr update /src/components/ui/FeatureListItem.tsx, /src/index.css
3:18:05 PM [vite] (client) hmr update /src/pages/deploy.tsx, /src/index.css
3:18:07 PM [vite] (client) hmr update /src/pages/deploy.tsx, /src/index.css
3:18:28 PM [vite] (client) hmr update /src/pages/tokenomics.tsx, /src/index.css
3:18:29 PM [vite] (client) hmr update /src/pages/tokenomics.tsx, /src/index.css
3:20:03 PM [vite] (client) hmr update /src/pages/tech-stack.tsx, /src/index.css
3:20:05 PM [vite] (client) hmr update /src/pages/tech-stack.tsx, /src/index.css
3:20:41 PM [vite] (client) hmr update /src/pages/faq.tsx, /src/index.css
3:22:59 PM [vite] (client) hmr update /src/pages/tokenomics.tsx, /src/index.css
3:25:22 PM [vite] (client) hmr update /src/pages/tech-stack.tsx, /src/index.css
3:25:24 PM [vite] (client) hmr update /src/pages/tech-stack.tsx, /src/index.css
3:25:26 PM [vite] (client) hmr update /src/pages/faq.tsx, /src/index.css
3:34:25 PM [vite] (client) hmr update /src/pages/enterprise.tsx, /src/index.css
3:34:25 PM [vite] Internal server error: /Users/rickglenn/Desktop/dytallix/dytallix-fast-launch/build/src/pages/enterprise.tsx: Expected corresponding JSX closing tag for <div>. (128:12)

  126 |                         ))}
  127 |                     </div>
> 128 |             </Section>
      |             ^
  129 |
  130 |             {/* How QuantumVault Works */}
  131 |             <Section title="How QuantumVault Works" subtitle="Defense-grade security architecture built for the post-quantum world.">
  Plugin: vite:react-babel
  File: /Users/rickglenn/Desktop/dytallix/dytallix-fast-launch/build/src/pages/enterprise.tsx:128:12
  126 |                          ))}
  127 |                      </div>
  128 |              </Section>
      |              ^
  129 |  
  130 |              {/* How QuantumVault Works */}
      at constructor (/Users/rickglenn/Desktop/dytallix/dytallix-fast-launch/build/node_modules/@babel/parser/lib/index.js:367:19)
      at TypeScriptParserMixin.raise (/Users/rickglenn/Desktop/dytallix/dytallix-fast-launch/build/node_modules/@babel/parser/lib/index.js:6624:19)
      at TypeScriptParserMixin.jsxParseElementAt (/Users/rickglenn/Desktop/dytallix/dytallix-fast-launch/build/node_modules/@babel/parser/lib/index.js:4756:16)
      at TypeScriptParserMixin.jsxParseElementAt (/Users/rickglenn/Desktop/dytallix/dytallix-fast-launch/build/node_modules/@babel/parser/lib/index.js:4727:32)
      at TypeScriptParserMixin.jsxParseElementAt (/Users/rickglenn/Desktop/dytallix/dytallix-fast-launch/build/node_modules/@babel/parser/lib/index.js:4727:32)
      at TypeScriptParserMixin.jsxParseElement (/Users/rickglenn/Desktop/dytallix/dytallix-fast-launch/build/node_modules/@babel/parser/lib/index.js:4778:17)
      at TypeScriptParserMixin.parseExprAtom (/Users/rickglenn/Desktop/dytallix/dytallix-fast-launch/build/node_modules/@babel/parser/lib/index.js:4788:19)
      at TypeScriptParserMixin.parseExprSubscripts (/Users/rickglenn/Desktop/dytallix/dytallix-fast-launch/build/node_modules/@babel/parser/lib/index.js:11145:23)
      at TypeScriptParserMixin.parseUpdate (/Users/rickglenn/Desktop/dytallix/dytallix-fast-launch/build/node_modules/@babel/parser/lib/index.js:11130:21)
      at TypeScriptParserMixin.parseMaybeUnary (/Users/rickglenn/Desktop/dytallix/dytallix-fast-launch/build/node_modules/@babel/parser/lib/index.js:11110:23)
      at TypeScriptParserMixin.parseMaybeUnary (/Users/rickglenn/Desktop/dytallix/dytallix-fast-launch/build/node_modules/@babel/parser/lib/index.js:9890:18)
      at TypeScriptParserMixin.parseMaybeUnaryOrPrivate (/Users/rickglenn/Desktop/dytallix/dytallix-fast-launch/build/node_modules/@babel/parser/lib/index.js:10963:61)
      at TypeScriptParserMixin.parseExprOps (/Users/rickglenn/Desktop/dytallix/dytallix-fast-launch/build/node_modules/@babel/parser/lib/index.js:10968:23)
      at TypeScriptParserMixin.parseMaybeConditional (/Users/rickglenn/Desktop/dytallix/dytallix-fast-launch/build/node_modules/@babel/parser/lib/index.js:10945:23)
      at TypeScriptParserMixin.parseMaybeAssign (/Users/rickglenn/Desktop/dytallix/dytallix-fast-launch/build/node_modules/@babel/parser/lib/index.js:10895:21)
      at /Users/rickglenn/Desktop/dytallix/dytallix-fast-launch/build/node_modules/@babel/parser/lib/index.js:9828:39
      at TypeScriptParserMixin.tryParse (/Users/rickglenn/Desktop/dytallix/dytallix-fast-launch/build/node_modules/@babel/parser/lib/index.js:6932:20)
      at TypeScriptParserMixin.parseMaybeAssign (/Users/rickglenn/Desktop/dytallix/dytallix-fast-launch/build/node_modules/@babel/parser/lib/index.js:9828:18)
      at /Users/rickglenn/Desktop/dytallix/dytallix-fast-launch/build/node_modules/@babel/parser/lib/index.js:10864:39
      at TypeScriptParserMixin.allowInAnd (/Users/rickglenn/Desktop/dytallix/dytallix-fast-launch/build/node_modules/@babel/parser/lib/index.js:12500:12)
      at TypeScriptParserMixin.parseMaybeAssignAllowIn (/Users/rickglenn/Desktop/dytallix/dytallix-fast-launch/build/node_modules/@babel/parser/lib/index.js:10864:17)
      at TypeScriptParserMixin.parseMaybeAssignAllowInOrVoidPattern (/Users/rickglenn/Desktop/dytallix/dytallix-fast-launch/build/node_modules/@babel/parser/lib/index.js:12567:17)
      at TypeScriptParserMixin.parseParenAndDistinguishExpression (/Users/rickglenn/Desktop/dytallix/dytallix-fast-launch/build/node_modules/@babel/parser/lib/index.js:11747:28)
      at TypeScriptParserMixin.parseExprAtom (/Users/rickglenn/Desktop/dytallix/dytallix-fast-launch/build/node_modules/@babel/parser/lib/index.js:11395:23)
      at TypeScriptParserMixin.parseExprAtom (/Users/rickglenn/Desktop/dytallix/dytallix-fast-launch/build/node_modules/@babel/parser/lib/index.js:4793:20)
      at TypeScriptParserMixin.parseExprSubscripts (/Users/rickglenn/Desktop/dytallix/dytallix-fast-launch/build/node_modules/@babel/parser/lib/index.js:11145:23)
      at TypeScriptParserMixin.parseUpdate (/Users/rickglenn/Desktop/dytallix/dytallix-fast-launch/build/node_modules/@babel/parser/lib/index.js:11130:21)
      at TypeScriptParserMixin.parseMaybeUnary (/Users/rickglenn/Desktop/dytallix/dytallix-fast-launch/build/node_modules/@babel/parser/lib/index.js:11110:23)
      at TypeScriptParserMixin.parseMaybeUnary (/Users/rickglenn/Desktop/dytallix/dytallix-fast-launch/build/node_modules/@babel/parser/lib/index.js:9890:18)
      at TypeScriptParserMixin.parseMaybeUnaryOrPrivate (/Users/rickglenn/Desktop/dytallix/dytallix-fast-launch/build/node_modules/@babel/parser/lib/index.js:10963:61)
      at TypeScriptParserMixin.parseExprOps (/Users/rickglenn/Desktop/dytallix/dytallix-fast-launch/build/node_modules/@babel/parser/lib/index.js:10968:23)
      at TypeScriptParserMixin.parseMaybeConditional (/Users/rickglenn/Desktop/dytallix/dytallix-fast-launch/build/node_modules/@babel/parser/lib/index.js:10945:23)
      at TypeScriptParserMixin.parseMaybeAssign (/Users/rickglenn/Desktop/dytallix/dytallix-fast-launch/build/node_modules/@babel/parser/lib/index.js:10895:21)
      at TypeScriptParserMixin.parseMaybeAssign (/Users/rickglenn/Desktop/dytallix/dytallix-fast-launch/build/node_modules/@babel/parser/lib/index.js:9839:20)
      at TypeScriptParserMixin.parseExpressionBase (/Users/rickglenn/Desktop/dytallix/dytallix-fast-launch/build/node_modules/@babel/parser/lib/index.js:10848:23)
      at /Users/rickglenn/Desktop/dytallix/dytallix-fast-launch/build/node_modules/@babel/parser/lib/index.js:10844:39
      at TypeScriptParserMixin.allowInAnd (/Users/rickglenn/Desktop/dytallix/dytallix-fast-launch/build/node_modules/@babel/parser/lib/index.js:12495:16)
      at TypeScriptParserMixin.parseExpression (/Users/rickglenn/Desktop/dytallix/dytallix-fast-launch/build/node_modules/@babel/parser/lib/index.js:10844:17)
      at TypeScriptParserMixin.parseReturnStatement (/Users/rickglenn/Desktop/dytallix/dytallix-fast-launch/build/node_modules/@babel/parser/lib/index.js:13218:28)
      at TypeScriptParserMixin.parseStatementContent (/Users/rickglenn/Desktop/dytallix/dytallix-fast-launch/build/node_modules/@babel/parser/lib/index.js:12874:21)
      at TypeScriptParserMixin.parseStatementContent (/Users/rickglenn/Desktop/dytallix/dytallix-fast-launch/build/node_modules/@babel/parser/lib/index.js:9569:18)
      at TypeScriptParserMixin.parseStatementLike (/Users/rickglenn/Desktop/dytallix/dytallix-fast-launch/build/node_modules/@babel/parser/lib/index.js:12843:17)
      at TypeScriptParserMixin.parseStatementListItem (/Users/rickglenn/Desktop/dytallix/dytallix-fast-launch/build/node_modules/@babel/parser/lib/index.js:12823:17)
      at TypeScriptParserMixin.parseBlockOrModuleBlockBody (/Users/rickglenn/Desktop/dytallix/dytallix-fast-launch/build/node_modules/@babel/parser/lib/index.js:13392:61)
      at TypeScriptParserMixin.parseBlockBody (/Users/rickglenn/Desktop/dytallix/dytallix-fast-launch/build/node_modules/@babel/parser/lib/index.js:13385:10)
      at TypeScriptParserMixin.parseBlock (/Users/rickglenn/Desktop/dytallix/dytallix-fast-launch/build/node_modules/@babel/parser/lib/index.js:13373:10)
      at TypeScriptParserMixin.parseFunctionBody (/Users/rickglenn/Desktop/dytallix/dytallix-fast-launch/build/node_modules/@babel/parser/lib/index.js:12174:24)
      at TypeScriptParserMixin.parseFunctionBodyAndFinish (/Users/rickglenn/Desktop/dytallix/dytallix-fast-launch/build/node_modules/@babel/parser/lib/index.js:12160:10)
      at TypeScriptParserMixin.parseFunctionBodyAndFinish (/Users/rickglenn/Desktop/dytallix/dytallix-fast-launch/build/node_modules/@babel/parser/lib/index.js:9223:18)
      at /Users/rickglenn/Desktop/dytallix/dytallix-fast-launch/build/node_modules/@babel/parser/lib/index.js:13521:12
3:37:16 PM [vite] (client) hmr update /src/pages/enterprise.tsx, /src/index.css
3:37:32 PM [vite] (client) hmr update /src/pages/enterprise.tsx, /src/index.css
3:38:41 PM [vite] (client) hmr update /src/pages/enterprise.tsx, /src/index.css
