
> dytallix-lean-launch@1.1.1 server
> node server/index.js

[INFO] 2025-09-15T21:25:31.749Z Using in-memory rate limiter
[INFO] 2025-09-15T21:25:31.921Z Prometheus metrics initialized
[AlertingManager] No notifiers configured
[AnomalyDetectionEngine] Starting...
[AnomalyDetectionEngine] Starting mempool collector
[MempoolCollector] Starting collection { pollInterval: 2000, rpcUrl: 'http://localhost:26657' }
[INFO] 2025-09-15T21:25:31.923Z Security headers enabled {"ENABLE_CSP":true}
[INFO] 2025-09-15T21:25:31.926Z WebSocket server attached {"path":"/api/ws"}
[AnomalyDetectionEngine] Starting block collector
[BlockCollector] Starting collection { pollInterval: 6000, rpcUrl: 'http://localhost:26657' }
[BlockCollector] Initialized 5 validators
[AnomalyDetectionEngine] Started successfully
[INFO] 2025-09-15T21:25:31.928Z Server started {"PORT":"8787","ORIGIN":"http://localhost:5173"}
node:events:485
      throw er; // Unhandled 'error' event
      ^

Error: listen EADDRINUSE: address already in use :::8787
    at Server.setupListenHandle [as _listen2] (node:net:1940:16)
    at listenInCluster (node:net:1997:12)
    at Server.listen (node:net:2102:7)
    at app.listen (/Users/rickglenn/dytallix/dytallix-lean-launch/node_modules/express/lib/application.js:605:24)
    at file:///Users/rickglenn/dytallix/dytallix-lean-launch/server/index.js:1039:16
    at ModuleJob.run (node:internal/modules/esm/module_job:371:25)
    at async onImport.tracePromise.__proto__ (node:internal/modules/esm/loader:669:26)
    at async asyncRunEntryPointWithESMLoader (node:internal/modules/run_main:101:5)
Emitted 'error' event on WebSocketServer instance at:
    at Server.emit (node:events:519:35)
    at emitErrorNT (node:net:1976:8)
    at process.processTicksAndRejections (node:internal/process/task_queues:90:21) {
  code: 'EADDRINUSE',
  errno: -48,
  syscall: 'listen',
  address: '::',
  port: 8787
}

Node.js v24.5.0
